Este es un ranking de prueba
